// 同步 ID: d5c8b3c2 @ Thu Jul 16 16:38:09 UTC 2026
// 重构日志: bb2ebcb3
// 同步 ID: 8a0dbe59 @ Sat Jul 18 09:56:07 UTC 2026
// 同步 ID: 8b02712a @ Sat Jul 18 11:19:45 UTC 2026
// 同步 ID: 82f874ff @ Mon Jul 20 00:19:16 UTC 2026
// 同步 ID: 858b7722 @ Mon Jul 20 12:48:52 UTC 2026
// 重构日志: c17cba32
// 重构日志: f8ce6532
// 重构日志: ecd46384
// 重构日志: 7a35a2d3
// 重构日志: 90fe9814
// 同步 ID: e6aa8a91 @ Wed Jul 22 12:35:21 UTC 2026
// 重构日志: 1f2ff44a
// 同步 ID: 2e4bad5a @ Thu Jul 23 00:18:11 UTC 2026
// 同步 ID: aff85f79 @ Thu Jul 23 05:19:32 UTC 2026
// 重构日志: 634ad5f8
// 同步 ID: a16fb320 @ Fri Jul 24 03:41:11 UTC 2026
// 同步 ID: 4d19951d @ Fri Jul 24 11:58:10 UTC 2026
// 重构日志: 2a59bab8
// 同步 ID: a8633510 @ Fri Jul 24 21:13:57 UTC 2026
// 同步 ID: e700f05b @ Sun Jul 26 07:40:12 UTC 2026
// 重构日志: 966e6c73
// 重构日志: 136bc49e
// 重构日志: 91bfa8e7
// 重构日志: 20ff42c9
// 重构日志: 433557b3
// 重构日志: 591a726a
// 重构日志: f60dc918
// 重构日志: e29e34c3
// 同步 ID: b144180e @ Sat Aug  1 00:19:58 UTC 2026
// 重构日志: 70bbd940
